Name:        el1
Namespace:   ns

EventListenerTriggers

 NAME
 foo-trig

 BINDINGS

  REF   KIND                    APIVERSION
  tb1   TriggerBinding          
  tb2   ClusterTriggerBinding   v1alpha1

 TEMPLATE REF   APIVERSION
 tt1            v1alpha1
 
 INTERCEPTORS
- cel:
    filter: body.value == 'test'
    overlays:
    - expression: '''testing'''
      key: value
  ref: {}

EventListenerTriggers

 NAME
 foo-trig

 BINDINGS

  REF   KIND                    APIVERSION
  tb4   TriggerBinding          
  tb5   ClusterTriggerBinding   v1alpha1

 TEMPLATE REF   APIVERSION
 tt2            v1alpha1
 
 SERVICE ACCOUNT NAME
 sa1
 
 INTERCEPTORS
- ref: {}
  webhook:
    objectRef:
      apiVersion: v1
      kind: Service
      name: webhookTest
      namespace: namespace
- cel:
    filter: body.value == 'test'
    overlays:
    - expression: '''testing'''
      key: value
  ref: {}

